> Task :app:preBuild UP-TO-DATE
> Task :app:preDebugBuild UP-TO-DATE
> Task :app:mergeDebugNativeDebugMetadata NO-SOURCE
> Task :app:checkKotlinGradlePluginConfigurationErrors
> Task :app:checkDebugAarMetadata UP-TO-DATE
> Task :app:generateDebugResValues UP-TO-DATE
> Task :app:mapDebugSourceSetPaths
> Task :app:generateDebugResources UP-TO-DATE
> Task :app:mergeDebugResources UP-TO-DATE
> Task :app:packageDebugResources UP-TO-DATE
> Task :app:parseDebugLocalResources UP-TO-DATE
> Task :app:createDebugCompatibleScreenManifests UP-TO-DATE
> Task :app:extractDeepLinksDebug UP-TO-DATE
> Task :app:processDebugMainManifest
> Task :app:processDebugManifest
> Task :app:javaPreCompileDebug UP-TO-DATE
> Task :app:mergeDebugShaders UP-TO-DATE
> Task :app:compileDebugShaders NO-SOURCE
> Task :app:generateDebugAssets UP-TO-DATE
> Task :app:mergeDebugAssets UP-TO-DATE
> Task :app:compressDebugAssets UP-TO-DATE
> Task :app:desugarDebugFileDependencies UP-TO-DATE
> Task :app:checkDebugDuplicateClasses UP-TO-DATE
> Task :app:mergeExtDexDebug UP-TO-DATE
> Task :app:mergeLibDexDebug UP-TO-DATE
> Task :app:mergeDebugJniLibFolders UP-TO-DATE
> Task :app:mergeDebugNativeLibs NO-SOURCE
> Task :app:stripDebugDebugSymbols NO-SOURCE
> Task :app:validateSigningDebug UP-TO-DATE
> Task :app:writeDebugAppMetadata UP-TO-DATE
> Task :app:writeDebugSigningConfigVersions UP-TO-DATE
> Task :app:processDebugManifestForPackage
> Task :app:processDebugResources
> Task :app:kaptGenerateStubsDebugKotlin
> Task :app:kaptDebugKotlin
> Task :app:compileDebugKotlin
w: file:///C:/finscroll_app/app/src/main/java/com/finscroll/app/ui/screens/HomeScreen.kt:221:16 Parameter 'onRetry' is never used
w: file:///C:/finscroll_app/app/src/main/java/com/finscroll/app/viewmodel/CardViewModel.kt:145:38 Parameter 'card' is never used, could be renamed to _

> Task :app:compileDebugJavaWithJavac

> Task :app:hiltAggregateDepsDebug
WARNING: [Processor] Library 'C:\Users\Imart\.gradle\caches\transforms-3\fb73564717484e62991dec89432e244c\transformed\core-1.12.0-api.jar' contains references to both AndroidX and old support library. This seems like the library is partially migrated. Jetifier will try to rewrite the library anyway.
 Example of androidX reference: 'androidx/core/os/BuildCompat'
 Example of support library reference: 'android/support/v4/app/INotificationSideChannel$Default'

> Task :app:hiltJavaCompileDebug
.\gradlew.bat : Note: C:\f
inscroll_app\app\build\gen
erated\hilt\component_sour
ces\debug\com\finscroll\ap
p\Hilt_FinScrollApp.java 
uses or overrides a 
deprecated API.
At line:1 char:1
+ .\gradlew.bat 
assembleDebug > 
build_output.txt 2>&1; 
if($LASTEXITCODE ...
+ ~~~~~~~~~~~~~~~~~~~~~~~~
~~~~~~~~~~~~~~~~~~~~~~~~~~
~
    + CategoryInfo        
      : NotSpecified: (N  
  ote: C:\finscr...depr   
 ecated API.:String) [    
], RemoteException
    + FullyQualifiedError 
   Id : NativeCommandErr  
  or
 
Note: Recompile with 
-Xlint:deprecation for 
details.

> Task :app:processDebugJavaRes
> Task :app:transformDebugClassesWithAsm
> Task :app:mergeDebugJavaResource
> Task :app:dexBuilderDebug
> Task :app:mergeDebugGlobalSynthetics
> Task :app:mergeProjectDexDebug
> Task :app:packageDebug
> Task :app:createDebugApkListingFileRedirect
> Task :app:assembleDebug

BUILD SUCCESSFUL in 4m 7s
39 actionable tasks: 20 executed, 19 up-to-date
